     Testing AbaqusReader
      Status `/tmp/jl_TgY5kR/Project.toml`
  [bc6b9049] AbaqusReader v0.2.6 `~/dev/AbaqusReader.jl`
  [56ddb016] Logging v1.11.0
  [8dfed614] Test v1.11.0
      Status `/tmp/jl_TgY5kR/Manifest.toml`
  [bc6b9049] AbaqusReader v0.2.6 `~/dev/AbaqusReader.jl`
  [2a0f44e3] Base64 v1.11.0
  [b77e0a4c] InteractiveUtils v1.11.0
  [ac6e5ff7] JuliaSyntaxHighlighting v1.12.0
  [56ddb016] Logging v1.11.0
  [d6f4376e] Markdown v1.11.0
  [9a3f8284] Random v1.11.0
  [ea8e919c] SHA v0.7.0
  [9e88b42a] Serialization v1.11.0
  [f489334b] StyledStrings v1.11.0
  [8dfed614] Test v1.11.0
Precompiling for configuration --code-coverage=none --color=auto --check-bounds=yes --warn-overwrite=yes --depwarn=yes --inline=yes --startup-file=no --track-allocation=none
    789.9 ms  ✓ AbaqusReader
  1 dependency successfully precompiled in 1 seconds. 8 already precompiled.
     Testing Running tests...
┌ Warning: Unknown section: 'SOLID SECTION'
└ @ AbaqusReader ~/dev/AbaqusReader.jl/src/parse_mesh.jl:263
┌ Warning: Unknown section: 'MATERIAL'
└ @ AbaqusReader ~/dev/AbaqusReader.jl/src/parse_mesh.jl:263
┌ Warning: Unknown section: 'ELASTIC'
└ @ AbaqusReader ~/dev/AbaqusReader.jl/src/parse_mesh.jl:263
┌ Warning: Unknown section: 'STEP'
└ @ AbaqusReader ~/dev/AbaqusReader.jl/src/parse_mesh.jl:263
┌ Warning: Unknown section: 'STATIC'
└ @ AbaqusReader ~/dev/AbaqusReader.jl/src/parse_mesh.jl:263
┌ Warning: Unknown section: 'BOUNDARY'
└ @ AbaqusReader ~/dev/AbaqusReader.jl/src/parse_mesh.jl:263
┌ Warning: Unknown section: 'DSLOAD'
└ @ AbaqusReader ~/dev/AbaqusReader.jl/src/parse_mesh.jl:263
┌ Warning: Unknown section: 'NODE FILE'
└ @ AbaqusReader ~/dev/AbaqusReader.jl/src/parse_mesh.jl:263
┌ Warning: Unknown section: 'END STEP'
└ @ AbaqusReader ~/dev/AbaqusReader.jl/src/parse_mesh.jl:263
┌ Warning: Unknown section: 'SOLID SECTION'
└ @ AbaqusReader ~/dev/AbaqusReader.jl/src/parse_mesh.jl:263
┌ Warning: Unknown section: 'SOLID SECTION'
└ @ AbaqusReader ~/dev/AbaqusReader.jl/src/parse_mesh.jl:263
┌ Warning: Unknown section: 'MATERIAL'
└ @ AbaqusReader ~/dev/AbaqusReader.jl/src/parse_mesh.jl:263
┌ Warning: Unknown section: 'ELASTIC'
└ @ AbaqusReader ~/dev/AbaqusReader.jl/src/parse_mesh.jl:263
┌ Warning: Unknown section: 'DENSITY'
└ @ AbaqusReader ~/dev/AbaqusReader.jl/src/parse_mesh.jl:263
┌ Warning: Unknown section: 'SPECIFIC HEAT'
└ @ AbaqusReader ~/dev/AbaqusReader.jl/src/parse_mesh.jl:263
┌ Warning: Unknown section: 'CONDUCTIVITY'
└ @ AbaqusReader ~/dev/AbaqusReader.jl/src/parse_mesh.jl:263
Set names: Test Failed at /home/juajukka/dev/AbaqusReader.jl/test/test_parse_mesh.jl:132
  Expression: parse_section(model, data, :NSET, 5, 6, Val{:NSET})
    Expected: ErrorException
      Thrown: MethodError
      MethodError: Cannot `convert` an object of type Nothing to an object of type String
      The function `convert` exists, but no method is defined for this combination of argument types.
      
      Closest candidates are:
        convert(::Type{String}, !Matched::String)
         @ Base essentials.jl:461
        convert(::Type{T}, !Matched::T) where T<:AbstractString
         @ Base strings/basic.jl:232
        convert(::Type{T}, !Matched::AbstractString) where T<:AbstractString
         @ Base strings/basic.jl:233
        ...
      
      Stacktrace:
       [1] setindex!(h::Dict{String, Vector{Int64}}, v0::Vector{Int64}, key0::Nothing)
         @ Base ./dict.jl:346
       [2] parse_section(model::Dict{String, Any}, lines::Vector{SubString{String}}, key::Symbol, idx_start::Int64, idx_end::Int64, ::Type{Val{:NSET}})
         @ AbaqusReader ~/dev/AbaqusReader.jl/src/parse_mesh.jl:187
       [3] top-level scope
         @ ~/dev/AbaqusReader.jl/test/test_parse_mesh.jl:113
       [4] macro expansion
         @ ~/.julia/juliaup/julia-1.12.1+0.x64.linux.gnu/share/julia/stdlib/v1.12/Test/src/Test.jl:1776 [inlined]
       [5] macro expansion
         @ ~/dev/AbaqusReader.jl/test/test_parse_mesh.jl:132 [inlined]
       [6] macro expansion
         @ ~/.julia/juliaup/julia-1.12.1+0.x64.linux.gnu/share/julia/stdlib/v1.12/Test/src/Test.jl:774 [inlined]
       [7] macro expansion
         @ ~/dev/AbaqusReader.jl/test/test_parse_mesh.jl:132 [inlined]

Stacktrace:
 [1] top-level scope
   @ ~/dev/AbaqusReader.jl/test/test_parse_mesh.jl:113
 [2] macro expansion
   @ ~/.julia/juliaup/julia-1.12.1+0.x64.linux.gnu/share/julia/stdlib/v1.12/Test/src/Test.jl:1776 [inlined]
 [3] macro expansion
   @ ~/dev/AbaqusReader.jl/test/test_parse_mesh.jl:132 [inlined]
Set names: Test Failed at /home/juajukka/dev/AbaqusReader.jl/test/test_parse_mesh.jl:136
  Expression: parse_section(model, data, :ELSET, 11, 12, Val{:NSET})
    Expected: ErrorException
      Thrown: MethodError
      MethodError: Cannot `convert` an object of type Nothing to an object of type String
      The function `convert` exists, but no method is defined for this combination of argument types.
      
      Closest candidates are:
        convert(::Type{String}, !Matched::String)
         @ Base essentials.jl:461
        convert(::Type{T}, !Matched::T) where T<:AbstractString
         @ Base strings/basic.jl:232
        convert(::Type{T}, !Matched::AbstractString) where T<:AbstractString
         @ Base strings/basic.jl:233
        ...
      
      Stacktrace:
       [1] setindex!(h::Dict{String, Vector{Int64}}, v0::Vector{Int64}, key0::Nothing)
         @ Base ./dict.jl:346
       [2] parse_section(model::Dict{String, Any}, lines::Vector{SubString{String}}, key::Symbol, idx_start::Int64, idx_end::Int64, ::Type{Val{:NSET}})
         @ AbaqusReader ~/dev/AbaqusReader.jl/src/parse_mesh.jl:187
       [3] top-level scope
         @ ~/dev/AbaqusReader.jl/test/test_parse_mesh.jl:113
       [4] macro expansion
         @ ~/.julia/juliaup/julia-1.12.1+0.x64.linux.gnu/share/julia/stdlib/v1.12/Test/src/Test.jl:1776 [inlined]
       [5] macro expansion
         @ ~/dev/AbaqusReader.jl/test/test_parse_mesh.jl:136 [inlined]
       [6] macro expansion
         @ ~/.julia/juliaup/julia-1.12.1+0.x64.linux.gnu/share/julia/stdlib/v1.12/Test/src/Test.jl:774 [inlined]
       [7] macro expansion
         @ ~/dev/AbaqusReader.jl/test/test_parse_mesh.jl:136 [inlined]

Stacktrace:
 [1] top-level scope
   @ ~/dev/AbaqusReader.jl/test/test_parse_mesh.jl:113
 [2] macro expansion
   @ ~/.julia/juliaup/julia-1.12.1+0.x64.linux.gnu/share/julia/stdlib/v1.12/Test/src/Test.jl:1776 [inlined]
 [3] macro expansion
   @ ~/dev/AbaqusReader.jl/test/test_parse_mesh.jl:136 [inlined]
┌ Warning: missing keyword? line = *NSET, NSET=SYM12
└ @ AbaqusReader ~/dev/AbaqusReader.jl/src/parse_model.jl:200
┌ Warning: missing keyword? line = *NODE FILE
└ @ AbaqusReader ~/dev/AbaqusReader.jl/src/parse_model.jl:200
Test Summary:                                             | Pass  Fail  Total  Time
AbaqusReader.jl                                           |   69     2     71  8.7s
  test_parse_mesh                                         |   48     2     50  6.2s
    parse beam.inp mesh                                   |    6            6  2.0s
    test read element section                             |    4            4  0.2s
    parse cube_tet4.inp mesh                              |   13           13  0.5s
    parse nodes from abaqus .inp file to Mesh (NX export) |    1            1  0.0s
    parse abaqus .inp created using hypermesh             |    1            1  0.0s
    find element types and nodes                          |   14           14  0.1s
    use GENERATE keyword                                  |    1            1  0.0s
    parse ELSET                                           |    1            1  0.2s
    parse tet4.inp                                        |    1            1  0.0s
    Set names                                             |    6     2      8  3.0s
  test_parse_model                                        |   13           13  1.8s
  test_create_surface_elements                            |    4            4  0.6s
  test_download                                           |    3            3  0.1s
  test_parse_t2d2                                         |                 0  0.0s
  test_parse_beams                                        |    1            1  0.0s
RNG of the outermost testset: Random.Xoshiro(0x30cf12d3855dc4c9, 0xc6b04c88c04144b2, 0x98e6cd7a5093d6e0, 0x93dd6ea911181657, 0x8c700270d0ad61a0)
ERROR: LoadError: Some tests did not pass: 69 passed, 2 failed, 0 errored, 0 broken.
in expression starting at /home/juajukka/dev/AbaqusReader.jl/test/runtests.jl:7
ERROR: Package AbaqusReader errored during testing
Stacktrace:
  [1] pkgerror(msg::String)
    @ Pkg.Types ~/.julia/juliaup/julia-1.12.1+0.x64.linux.gnu/share/julia/stdlib/v1.12/Pkg/src/Types.jl:68
  [2] test(ctx::Pkg.Types.Context, pkgs::Vector{PackageSpec}; coverage::Bool, julia_args::Cmd, test_args::Cmd, test_fn::Nothing, force_latest_compatible_version::Bool, allow_earlier_backwards_compatible_versions::Bool, allow_reresolve::Bool)
    @ Pkg.Operations ~/.julia/juliaup/julia-1.12.1+0.x64.linux.gnu/share/julia/stdlib/v1.12/Pkg/src/Operations.jl:2427
  [3] test
    @ ~/.julia/juliaup/julia-1.12.1+0.x64.linux.gnu/share/julia/stdlib/v1.12/Pkg/src/Operations.jl:2280 [inlined]
  [4] test(ctx::Pkg.Types.Context, pkgs::Vector{PackageSpec}; coverage::Bool, test_fn::Nothing, julia_args::Cmd, test_args::Cmd, force_latest_compatible_version::Bool, allow_earlier_backwards_compatible_versions::Bool, allow_reresolve::Bool, kwargs::@Kwargs{io::IOContext{IO}})
    @ Pkg.API ~/.julia/juliaup/julia-1.12.1+0.x64.linux.gnu/share/julia/stdlib/v1.12/Pkg/src/API.jl:484
  [5] test(pkgs::Vector{PackageSpec}; io::IOContext{IO}, kwargs::@Kwargs{})
    @ Pkg.API ~/.julia/juliaup/julia-1.12.1+0.x64.linux.gnu/share/julia/stdlib/v1.12/Pkg/src/API.jl:164
  [6] test(pkgs::Vector{PackageSpec})
    @ Pkg.API ~/.julia/juliaup/julia-1.12.1+0.x64.linux.gnu/share/julia/stdlib/v1.12/Pkg/src/API.jl:153
  [7] test(; name::Nothing, uuid::Nothing, version::Nothing, url::Nothing, rev::Nothing, path::Nothing, mode::PackageMode, subdir::Nothing, kwargs::@Kwargs{})
    @ Pkg.API ~/.julia/juliaup/julia-1.12.1+0.x64.linux.gnu/share/julia/stdlib/v1.12/Pkg/src/API.jl:179
  [8] test()
    @ Pkg.API ~/.julia/juliaup/julia-1.12.1+0.x64.linux.gnu/share/julia/stdlib/v1.12/Pkg/src/API.jl:170
  [9] top-level scope
    @ none:1
 [10] eval(m::Module, e::Any)
    @ Core ./boot.jl:489
 [11] exec_options(opts::Base.JLOptions)
    @ Base ./client.jl:283
 [12] _start()
    @ Base ./client.jl:550
